00:00 +0: loading C:/Users/niyaa/OneDrive/Desktop/niabrm/Projects/MecLabs/PULSO/test/widget_test.dart
00:00 +0: App smoke test
Pending timers:
Timer (duration: 0:00:03.000000, periodic: false), created:
#0      new FakeTimer._ (package:fake_async/fake_async.dart:342:62)
#1      FakeAsync._createTimer (package:fake_async/fake_async.dart:260:29)
#2      FakeAsync.run.<anonymous closure> (package:fake_async/fake_async.dart:185:15)
#6      _SplashScreenState._checkAuth (package:pulso_app/features/onboarding/splash_screen.dart:22:18)
#7      _SplashScreenState.initState (package:pulso_app/features/onboarding/splash_screen.dart:17:5)
#8      StatefulElement._firstBuild (package:flutter/src/widgets/framework.dart:5953:55)
#9      ComponentElement.mount (package:flutter/src/widgets/framework.dart:5796:5)
...     Normal element mounting (266 frames)
#275    Element.inflateWidget (package:flutter/src/widgets/framework.dart:4590:20)
#276    MultiChildRenderObjectElement.inflateWidget (package:flutter/src/widgets/framework.dart:7269:36)
#277    MultiChildRenderObjectElement.mount (package:flutter/src/widgets/framework.dart:7285:32)
...     Normal element mounting (489 frames)
#766    _InheritedProviderScopeElement.mount (package:provider/src/inherited_provider.dart:424:11)
...     Normal element mounting (7 frames)
#773    SingleChildWidgetElementMixin.mount (package:nested/nested.dart:222:11)
...     Normal element mounting (7 frames)
#780    _NestedHookElement.mount (package:nested/nested.dart:187:11)
...     Normal element mounting (7 frames)
#787    SingleChildWidgetElementMixin.mount (package:nested/nested.dart:222:11)
...     Normal element mounting (7 frames)
#794    Element.inflateWidget (package:flutter/src/widgets/framework.dart:4590:20)
#795    Element.updateChild (package:flutter/src/widgets/framework.dart:4053:20)
#796    ComponentElement.performRebuild (package:flutter/src/widgets/framework.dart:5844:16)
#797    Element.rebuild (package:flutter/src/widgets/framework.dart:5532:7)
#798    ProxyElement.update (package:flutter/src/widgets/framework.dart:6152:5)
#799    _InheritedNotifierElement.update (package:flutter/src/widgets/inherited_notifier.dart:108:11)
#800    Element.updateChild (package:flutter/src/widgets/framework.dart:4037:15)
#801    ComponentElement.performRebuild (package:flutter/src/widgets/framework.dart:5844:16)
#802    StatefulElement.performRebuild (package:flutter/src/widgets/framework.dart:5985:11)
#803    Element.rebuild (package:flutter/src/widgets/framework.dart:5532:7)
#804    StatefulElement.update (package:flutter/src/widgets/framework.dart:6010:5)
#805    Element.updateChild (package:flutter/src/widgets/framework.dart:4037:15)
#806    ComponentElement.performRebuild (package:flutter/src/widgets/framework.dart:5844:16)
#807    Element.rebuild (package:flutter/src/widgets/framework.dart:5532:7)
#808    ProxyElement.update (package:flutter/src/widgets/framework.dart:6152:5)
#809    _InheritedNotifierElement.update (package:flutter/src/widgets/inherited_notifier.dart:108:11)
#810    Element.updateChild (package:flutter/src/widgets/framework.dart:4037:15)
#811    ComponentElement.performRebuild (package:flutter/src/widgets/framework.dart:5844:16)
#812    StatefulElement.performRebuild (package:flutter/src/widgets/framework.dart:5985:11)
#813    Element.rebuild (package:flutter/src/widgets/framework.dart:5532:7)
#814    StatefulElement.update (package:flutter/src/widgets/framework.dart:6010:5)
#815    Element.updateChild (package:flutter/src/widgets/framework.dart:4037:15)
#816    ComponentElement.performRebuild (package:flutter/src/widgets/framework.dart:5844:16)
#817    StatefulElement.performRebuild (package:flutter/src/widgets/framework.dart:5985:11)
#818    Element.rebuild (package:flutter/src/widgets/framework.dart:5532:7)
#819    StatefulElement.update (package:flutter/src/widgets/framework.dart:6010:5)
#820    Element.updateChild (package:flutter/src/widgets/framework.dart:4037:15)
#821    ComponentElement.performRebuild (package:flutter/src/widgets/framework.dart:5844:16)
#822    Element.rebuild (package:flutter/src/widgets/framework.dart:5532:7)
#823    ProxyElement.update (package:flutter/src/widgets/framework.dart:6152:5)
#824    Element.updateChild (package:flutter/src/widgets/framework.dart:4037:15)
#825    ComponentElement.performRebuild (package:flutter/src/widgets/framework.dart:5844:16)
#826    StatefulElement.performRebuild (package:flutter/src/widgets/framework.dart:5985:11)
#827    Element.rebuild (package:flutter/src/widgets/framework.dart:5532:7)
#828    StatefulElement.update (package:flutter/src/widgets/framework.dart:6010:5)
#829    Element.updateChild (package:flutter/src/widgets/framework.dart:4037:15)
#830    ComponentElement.performRebuild (package:flutter/src/widgets/framework.dart:5844:16)
#831    Element.rebuild (package:flutter/src/widgets/framework.dart:5532:7)
#832    ProxyElement.update (package:flutter/src/widgets/framework.dart:6152:5)
#833    Element.updateChild (package:flutter/src/widgets/framework.dart:4037:15)
#834    ComponentElement.performRebuild (package:flutter/src/widgets/framework.dart:5844:16)
#835    Element.rebuild (package:flutter/src/widgets/framework.dart:5532:7)
#836    ProxyElement.update (package:flutter/src/widgets/framework.dart:6152:5)
#837    Element.updateChild (package:flutter/src/widgets/framework.dart:4037:15)
#838    _RawViewElement._updateChild (package:flutter/src/widgets/view.dart:481:16)
#839    _RawViewElement.update (package:flutter/src/widgets/view.dart:568:5)
#840    Element.updateChild (package:flutter/src/widgets/framework.dart:4037:15)
#841    ComponentElement.performRebuild (package:flutter/src/widgets/framework.dart:5844:16)
#842    Element.rebuild (package:flutter/src/widgets/framework.dart:5532:7)
#843    StatelessElement.update (package:flutter/src/widgets/framework.dart:5898:5)
#844    Element.updateChild (package:flutter/src/widgets/framework.dart:4037:15)
#845    ComponentElement.performRebuild (package:flutter/src/widgets/framework.dart:5844:16)
#846    StatefulElement.performRebuild (package:flutter/src/widgets/framework.dart:5985:11)
#847    Element.rebuild (package:flutter/src/widgets/framework.dart:5532:7)
#848    StatefulElement.update (package:flutter/src/widgets/framework.dart:6010:5)
#849    Element.updateChild (package:flutter/src/widgets/framework.dart:4037:15)
#850    RootElement._rebuild (package:flutter/src/widgets/binding.dart:1782:16)
#851    RootElement.update (package:flutter/src/widgets/binding.dart:1760:5)
#852    RootElement.performRebuild (package:flutter/src/widgets/binding.dart:1774:7)
#853    Element.rebuild (package:flutter/src/widgets/framework.dart:5532:7)
#854    BuildScope._tryRebuild (package:flutter/src/widgets/framework.dart:2750:15)
#855    BuildScope._flushDirtyElements (package:flutter/src/widgets/framework.dart:2807:11)
#856    BuildOwner.buildScope (package:flutter/src/widgets/framework.dart:3111:18)
#857    AutomatedTestWidgetsFlutterBinding.drawFrame (package:flutter_test/src/binding.dart:1506:19)
#858    RendererBinding._handlePersistentFrameCallback (package:flutter/src/rendering/binding.dart:495:5)
#859    SchedulerBinding._invokeFrameCallback (package:flutter/src/scheduler/binding.dart:1434:15)
#860    SchedulerBinding.handleDrawFrame (package:flutter/src/scheduler/binding.dart:1347:9)
#861    AutomatedTestWidgetsFlutterBinding.pump.<anonymous closure> (package:flutter_test/src/binding.dart:1335:9)
#864    TestAsyncUtils.guard (package:flutter_test/src/test_async_utils.dart:74:41)
#865    AutomatedTestWidgetsFlutterBinding.pump (package:flutter_test/src/binding.dart:1324:27)
#866    WidgetTester.pumpWidget.<anonymous closure> (package:flutter_test/src/widget_tester.dart:598:22)
#869    TestAsyncUtils.guard (package:flutter_test/src/test_async_utils.dart:74:41)
#870    WidgetTester.pumpWidget (package:flutter_test/src/widget_tester.dart:595:27)
#871    main.<anonymous closure> (file:///C:/Users/niyaa/OneDrive/Desktop/niabrm/Projects/MecLabs/PULSO/test/widget_test.dart:14:18)
#872    testWidgets.<anonymous closure>.<anonymous closure> (package:flutter_test/src/widget_tester.dart:192:29)
<asynchronous suspension>
#873    TestWidgetsFlutterBinding._runTestBody (package:flutter_test/src/binding.dart:1059:5)
<asynchronous suspension>
<asynchronous suspension>
(elided 8 frames from dart:async and package:stack_trace)

══╡ EXCEPTION CAUGHT BY FLUTTER TEST FRAMEWORK ╞════════════════════════════════════════════════════
The following assertion was thrown running a test:
A Timer is still pending even after the widget tree was disposed.
'package:flutter_test/src/binding.dart':
Failed assertion: line 1617 pos 12: '!timersPending'

When the exception was thrown, this was the stack:
#2      AutomatedTestWidgetsFlutterBinding._verifyInvariants (package:flutter_test/src/binding.dart:1617:12)
#3      TestWidgetsFlutterBinding._runTestBody (package:flutter_test/src/binding.dart:1078:7)
<asynchronous suspension>
<asynchronous suspension>
(elided 3 frames from class _AssertionError and package:stack_trace)

The test description was:
  App smoke test
════════════════════════════════════════════════════════════════════════════════════════════════════
00:02 +0 -1: App smoke test [E]
  Test failed. See exception logs above.
  The test description was: App smoke test
  
00:02 +0 -1: Some tests failed.
